// Vitest Snapshot v1, https://vitest.dev/guide/snapshot.html

exports[`BaseSelect > Snapshot 1`] = `
"<select class=\\"w-full sm:w-1/3 border p-1 text-sm focus:outline-none\\">
  <option>Любой</option>
  <option>CREATED</option>
  <option>IN_PROGRESS</option>
  <option>FINISHED</option>
</select>"
`;
