// Vitest Snapshot v1, https://vitest.dev/guide/snapshot.html

exports[`BasePagination > Snapshot 1`] = `"<div class=\\"w-full flex justify-center gap-4\\"><button class=\\"p-2 bg-sky-300\\" data-page=\\"1\\">1</button><button class=\\"p-2 bg-sky-200\\" data-page=\\"2\\">2</button><span>...</span><button class=\\"p-2 bg-sky-200\\" data-page=\\"4\\">4</button></div>"`;
