// Vitest Snapshot v1, https://vitest.dev/guide/snapshot.html

exports[`BaseSelect > Snapshot 1`] = `
"<select class=\\"w-full sm:w-1/3 border p-1 text-sm focus:outline-none\\">
  <option data-option=\\"Любой\\">Любой</option>
  <option data-option=\\"CREATED\\">CREATED</option>
  <option data-option=\\"IN_PROGRESS\\">IN_PROGRESS</option>
  <option data-option=\\"FINISHED\\">FINISHED</option>
</select>"
`;
