// Vitest Snapshot v1, https://vitest.dev/guide/snapshot.html

exports[`BasePagination > snapshot 1`] = `"<div class=\\"w-full flex justify-center gap-4\\"><button class=\\"p-2 bg-sky-200 bg-sky-300\\">1</button><button class=\\"p-2 bg-sky-200\\">2</button><button class=\\"p-2 bg-sky-200\\">3</button><button class=\\"p-2 bg-sky-200\\">4</button></div>"`;
