// Vitest Snapshot v1, https://vitest.dev/guide/snapshot.html

exports[`ProjectsList > Snapshot 1`] = `
"<ul>
  <li class=\\"mb-2 last:mb-0 bg-sky-200 p-1\\">
    <p class=\\"mb-0.5 font-bold\\">IN_PROGRESS</p>
    <h2>Рекламный ролик №31 (банки, сервис, 2 кат)</h2>
  </li>
  <li class=\\"mb-2 last:mb-0 bg-sky-200 p-1\\">
    <p class=\\"mb-0.5 font-bold\\">IN_PROGRESS</p>
    <h2>Рекламный ролик №30 (банки, lдебет, 2 кат)</h2>
  </li>
  <li class=\\"mb-2 last:mb-0 bg-sky-200 p-1\\">
    <p class=\\"mb-0.5 font-bold\\">IN_PROGRESS</p>
    <h2>Рекламный ролик №29 (банки, кредит, 2 кат)</h2>
  </li>
  <li class=\\"mb-2 last:mb-0 bg-sky-200 p-1\\">
    <p class=\\"mb-0.5 font-bold\\">IN_PROGRESS</p>
    <h2>Рекламный ролик №28 (банки, кредит, 2 кат)</h2>
  </li>
  <li class=\\"mb-2 last:mb-0 bg-sky-200 p-1\\">
    <p class=\\"mb-0.5 font-bold\\">IN_PROGRESS</p>
    <h2>Рекламный ролик #27(банки, кредит, 15 сек)</h2>
  </li>
  <li class=\\"mb-2 last:mb-0 bg-sky-200 p-1\\">
    <p class=\\"mb-0.5 font-bold\\">IN_PROGRESS</p>
    <h2>Рекламный ролик #26(банки, кредит, 2 кат)</h2>
  </li>
  <li class=\\"mb-2 last:mb-0 bg-sky-200 p-1\\">
    <p class=\\"mb-0.5 font-bold\\">FINISHED</p>
    <h2>Исследование AICAP VidMK23 09.06</h2>
  </li>
  <li class=\\"mb-2 last:mb-0 bg-sky-200 p-1\\">
    <p class=\\"mb-0.5 font-bold\\">FINISHED</p>
    <h2>Задание от AICAP №6</h2>
  </li>
  <li class=\\"mb-2 last:mb-0 bg-sky-200 p-1\\">
    <p class=\\"mb-0.5 font-bold\\">IN_PROGRESS</p>
    <h2>Исследование AICAP VidMK23</h2>
  </li>
  <li class=\\"mb-2 last:mb-0 bg-sky-200 p-1\\">
    <p class=\\"mb-0.5 font-bold\\">FINISHED</p>
    <h2>Задание от AICAP №5</h2>
  </li>
</ul>"
`;
